
> habit-grid@1.0.0 test
> jest

watchman warning:  Recrawled this watch 1 time, most recently because:
dir missing from internal stateTo resolve, please review the information on
https://facebook.github.io/watchman/docs/troubleshooting.html#recrawl
To clear this warning, run:
`watchman watch-del '/home/thales/projects/habit-grid' ; watchman watch-project '/home/thales/projects/habit-grid'`

FAIL __tests__/App.test.tsx
  HomeScreen
    ✕ renders successfully (43 ms)

  ● HomeScreen › renders successfully

    useLinkPreviewContext must be used within a LinkPreviewContextProvider. This is likely a bug in Expo Router.

       6 | describe('HomeScreen', () => {
       7 |   it('renders successfully', () => {
    >  8 |     render(<HomeScreen />);
         |           ^
       9 |     expect(screen.getByText('Welcome :D!')).toBeTruthy();
      10 |   });
      11 | });

      at useLinkPreviewContext (node_modules/.pnpm/expo-router@6.0.22_62421ded7d37898af4c7f3c80b7f1668/node_modules/expo-router/src/link/preview/LinkPreviewContext.tsx:26:11)
      at LinkWithPreview (node_modules/.pnpm/expo-router@6.0.22_62421ded7d37898af4c7f3c80b7f1668/node_modules/expo-router/src/link/LinkWithPreview.tsx:27:54)
      at Object.react-stack-bottom-frame (node_modules/.pnpm/react-test-renderer@19.1.0_react@19.1.0/node_modules/react-test-renderer/cjs/react-test-renderer.development.js:13976:20)
      at renderWithHooks (node_modules/.pnpm/react-test-renderer@19.1.0_react@19.1.0/node_modules/react-test-renderer/cjs/react-test-renderer.development.js:2866:22)
      at updateFunctionComponent (node_modules/.pnpm/react-test-renderer@19.1.0_react@19.1.0/node_modules/react-test-renderer/cjs/react-test-renderer.development.js:6006:19)
      at beginWork (node_modules/.pnpm/react-test-renderer@19.1.0_react@19.1.0/node_modules/react-test-renderer/cjs/react-test-renderer.development.js:7474:18)
      at runWithFiberInDEV (node_modules/.pnpm/react-test-renderer@19.1.0_react@19.1.0/node_modules/react-test-renderer/cjs/react-test-renderer.development.js:1574:13)
      at performUnitOfWork (node_modules/.pnpm/react-test-renderer@19.1.0_react@19.1.0/node_modules/react-test-renderer/cjs/react-test-renderer.development.js:10972:22)
      at workLoopSync (node_modules/.pnpm/react-test-renderer@19.1.0_react@19.1.0/node_modules/react-test-renderer/cjs/react-test-renderer.development.js:10816:41)
      at renderRootSync (node_modules/.pnpm/react-test-renderer@19.1.0_react@19.1.0/node_modules/react-test-renderer/cjs/react-test-renderer.development.js:10797:11)
      at performWorkOnRoot (node_modules/.pnpm/react-test-renderer@19.1.0_react@19.1.0/node_modules/react-test-renderer/cjs/react-test-renderer.development.js:10384:39)
      at performWorkOnRootViaSchedulerTask (node_modules/.pnpm/react-test-renderer@19.1.0_react@19.1.0/node_modules/react-test-renderer/cjs/react-test-renderer.development.js:2094:7)
      at flushActQueue (node_modules/.pnpm/react@19.1.0/node_modules/react/cjs/react.development.js:566:34)
      at Object.<anonymous>.process.env.NODE_ENV.exports.act (node_modules/.pnpm/react@19.1.0/node_modules/react/cjs/react.development.js:859:10)
      at actImplementation (node_modules/.pnpm/@testing-library+react-native@13.3.3_jest@29.7.0_@types+node@25.0.10__react-native@0.81_6f1d4c5b7ee7d91664f6a2fc8a501b4d/node_modules/@testing-library/react-native/src/act.ts:30:25)
      at renderWithAct (node_modules/.pnpm/@testing-library+react-native@13.3.3_jest@29.7.0_@types+node@25.0.10__react-native@0.81_6f1d4c5b7ee7d91664f6a2fc8a501b4d/node_modules/@testing-library/react-native/src/render-act.ts:13:11)
      at renderInternal (node_modules/.pnpm/@testing-library+react-native@13.3.3_jest@29.7.0_@types+node@25.0.10__react-native@0.81_6f1d4c5b7ee7d91664f6a2fc8a501b4d/node_modules/@testing-library/react-native/src/render.tsx:69:33)
      at renderInternal (node_modules/.pnpm/@testing-library+react-native@13.3.3_jest@29.7.0_@types+node@25.0.10__react-native@0.81_6f1d4c5b7ee7d91664f6a2fc8a501b4d/node_modules/@testing-library/react-native/src/render.tsx:44:10)
      at Object.<anonymous> (__tests__/App.test.tsx:8:11)

Test Suites: 1 failed, 1 total
Tests:       1 failed, 1 total
Snapshots:   0 total
Time:        1.427 s, estimated 15 s
Ran all test suites.
